family "Markdown" source "tools/markdownlint/assets.go" directive "//go:embed package.json package-lock.json markdownlint-cli2.yaml verify.mjs no-private-scratch-links.mjs"
  assets ["tools/markdownlint/package.json" "tools/markdownlint/package-lock.json" "tools/markdownlint/markdownlint-cli2.yaml" "tools/markdownlint/verify.mjs" "tools/markdownlint/no-private-scratch-links.mjs"]
family "Figure engine" source "tools/figures/assets.go" directive "//go:embed core.mjs checks.mjs build.mjs types.ts third_party/interfig/vendor.json third_party/interfig/VENDOR.md third_party/interfig/upstream/LICENSE third_party/interfig/upstream/src/svg.ts third_party/interfig/upstream/src/geometry.ts third_party/interfig/upstream/src/model.ts dist/loader.js dist/player.js dist/THIRD-PARTY-LICENSES.txt figures.css mkdocs_hook.py astro.mjs serve.mjs README.md"
  assets ["tools/figures/core.mjs" "tools/figures/checks.mjs" "tools/figures/build.mjs" "tools/figures/types.ts" "tools/figures/third_party/interfig/vendor.json" "tools/figures/third_party/interfig/VENDOR.md" "tools/figures/third_party/interfig/upstream/LICENSE" "tools/figures/third_party/interfig/upstream/src/svg.ts" "tools/figures/third_party/interfig/upstream/src/geometry.ts" "tools/figures/third_party/interfig/upstream/src/model.ts" "tools/figures/dist/loader.js" "tools/figures/dist/player.js" "tools/figures/dist/THIRD-PARTY-LICENSES.txt" "tools/figures/figures.css" "tools/figures/mkdocs_hook.py" "tools/figures/astro.mjs" "tools/figures/serve.mjs" "tools/figures/README.md"]
family "API compatibility" source "tools/apicompat/assets.go" directive "//go:embed gate/main.go gate/placeholder.go"
  assets ["tools/apicompat/gate/main.go" "tools/apicompat/gate/placeholder.go"]
family "template" source "templates/embed.go" directive "//go:embed */*.tmpl"
family "devcontainer CLI pins" source "internal/devcontainer/cli.go" directive "//go:embed cli/package.json cli/package-lock.json cli/node.json"
  assets ["internal/devcontainer/cli/package.json" "internal/devcontainer/cli/package-lock.json" "internal/devcontainer/cli/node.json"]
family "client schemas" source "internal/clientschema/clientschema.go" directive "//go:embed vendor/manifest.json"
  assets ["internal/clientschema/vendor/manifest.json"]
family "reviewed images" source "internal/devcontainer/reviewed_images.go" directive "//go:embed prior-images.json"
  assets ["internal/devcontainer/prior-images.json"]
asset tools/markdownlint/verify.mjs true <nil>
name tools/markdownlint/verify.mjs <nil>
asset tools/markdownlint/package-lock.json true <nil>
name tools/markdownlint/package-lock.json <nil>
asset tools/markdownlint/README.md false <nil>
name tools/markdownlint/README.md unsupported bootstrap source file; non-Go build inputs require explicit capture support
asset tools/markdownlint/assets.go false <nil>
name tools/markdownlint/assets.go <nil>
asset tools/figures/build.mjs true <nil>
name tools/figures/build.mjs <nil>
asset tools/figures/bundle.mjs false <nil>
name tools/figures/bundle.mjs unsupported bootstrap source file; non-Go build inputs require explicit capture support
asset tools/figures/package-lock.json false <nil>
name tools/figures/package-lock.json unsupported bootstrap source file; non-Go build inputs require explicit capture support
asset templates/go/ci-go.yml.tmpl true <nil>
name templates/go/ci-go.yml.tmpl <nil>
asset internal/devcontainer/cli/node.json true <nil>
name internal/devcontainer/cli/node.json <nil>
asset internal/devcontainer/cli/other.json false <nil>
name internal/devcontainer/cli/other.json unsupported bootstrap source file; non-Go build inputs require explicit capture support
directive tools/markdownlint/assets.go "//go:embed package.json package-lock.json markdownlint-cli2.yaml verify.mjs no-private-scratch-links.mjs" <nil>
directive tools/markdownlint/assets.go "//go:embed verify.mjs" bootstrap source tools/markdownlint/assets.go embeds assets; explicit asset capture is required
directive tools/markdownlint/other.go "//go:embed package.json package-lock.json markdownlint-cli2.yaml verify.mjs no-private-scratch-links.mjs" bootstrap source tools/markdownlint/other.go embeds assets; explicit asset capture is required
directive tools/markdownlint/assets.go "// go:embed is only prose" <nil>
directive internal/devcontainer/cli.go "//go:embed cli/package.json cli/package-lock.json cli/node.json" <nil>
directive internal/devcontainer/cli.go "//go:embed cli/node.json" bootstrap source internal/devcontainer/cli.go embeds assets; explicit asset capture is required
