== fresh enable
action create tools/figures/build.mjs :: Scaffolded locked figure engine asset
action create tools/figures/third_party/interfig/upstream/LICENSE :: Scaffolded locked figure engine asset
action create tools/figures/dist/player.js :: Scaffolded locked figure engine asset
action create tools/figures/README.md :: Scaffolded locked figure engine asset
action append .gitattributes :: Preserved existing rules and placed the managed attribute block at the tail
file tools/figures/build.mjs sha256:47beb62eee90e992412312cdccbd0d91f54f090dbb342916efdf1eb08a816ac5
file tools/figures/dist/player.js sha256:2db2e3bfda05a3776f165530a519b6c4a5def717b4dd4192484f8d86076a4a94
file tools/figures/third_party/interfig/upstream/LICENSE sha256:01fde0bedf83bdc185065d7af524a61690efe576a67f922eaff3a1280c17b63a
file tools/figures/README.md sha256:1ee2a92653faea8a36e8e11a788ffa7004bb8b3e8844cb360a113bff5501b66f
file .gitattributes "* text=auto\n\n# BEGIN praetor managed attributes (praetorctl adopt)\n# praetorctl audit hashes these files; keep their checkout bytes the same on every platform.\ntools/figures/** text eol=lf\ndocs/figures/*.ts text eol=lf\ndocs/assets/figures/* text eol=lf\ntools/figures/third_party/interfig/upstream/** -text\n# END praetor managed attributes\n"
== rerun
action reconcile tools/figures/build.mjs :: Existing figure engine asset preserved; audit verifies canonical text
action reconcile tools/figures/third_party/interfig/upstream/LICENSE :: Existing figure engine asset preserved; audit verifies canonical text
action reconcile tools/figures/dist/player.js :: Existing figure engine asset preserved; audit verifies canonical text
action reconcile tools/figures/README.md :: Existing figure engine asset preserved; audit verifies canonical text
action reconcile .gitattributes :: Managed attribute block already at the tail
file tools/figures/build.mjs sha256:47beb62eee90e992412312cdccbd0d91f54f090dbb342916efdf1eb08a816ac5
file tools/figures/dist/player.js sha256:2db2e3bfda05a3776f165530a519b6c4a5def717b4dd4192484f8d86076a4a94
file tools/figures/third_party/interfig/upstream/LICENSE sha256:01fde0bedf83bdc185065d7af524a61690efe576a67f922eaff3a1280c17b63a
file tools/figures/README.md sha256:1ee2a92653faea8a36e8e11a788ffa7004bb8b3e8844cb360a113bff5501b66f
file .gitattributes "* text=auto\n\n# BEGIN praetor managed attributes (praetorctl adopt)\n# praetorctl audit hashes these files; keep their checkout bytes the same on every platform.\ntools/figures/** text eol=lf\ndocs/figures/*.ts text eol=lf\ndocs/assets/figures/* text eol=lf\ntools/figures/third_party/interfig/upstream/** -text\n# END praetor managed attributes\n"
== drift without force
action reconcile tools/figures/build.mjs :: Existing file differs from the scaffold adoption writes; preserved, not verified (--force regenerates it)
action reconcile tools/figures/third_party/interfig/upstream/LICENSE :: Existing figure engine asset preserved; audit verifies canonical text
action reconcile tools/figures/dist/player.js :: Existing figure engine asset preserved; audit verifies canonical text
action reconcile tools/figures/README.md :: Existing figure engine asset preserved; audit verifies canonical text
action reconcile .gitattributes :: Managed attribute block already at the tail
file tools/figures/build.mjs sha256:2d2100d97834f203c29e566efb8be317d351fea80646f01fe2e1f0ac336c7676
file tools/figures/dist/player.js sha256:2db2e3bfda05a3776f165530a519b6c4a5def717b4dd4192484f8d86076a4a94
file tools/figures/third_party/interfig/upstream/LICENSE sha256:01fde0bedf83bdc185065d7af524a61690efe576a67f922eaff3a1280c17b63a
file tools/figures/README.md sha256:1ee2a92653faea8a36e8e11a788ffa7004bb8b3e8844cb360a113bff5501b66f
file .gitattributes "* text=auto\n\n# BEGIN praetor managed attributes (praetorctl adopt)\n# praetorctl audit hashes these files; keep their checkout bytes the same on every platform.\ntools/figures/** text eol=lf\ndocs/figures/*.ts text eol=lf\ndocs/assets/figures/* text eol=lf\ntools/figures/third_party/interfig/upstream/** -text\n# END praetor managed attributes\n"
== drift with force
action replace tools/figures/build.mjs :: Scaffolded locked figure engine asset; replaced existing content (-1/+227 lines, removed "// operator edit"); backup: .workingdir/adopt-backups/<stamp>/tools/figures/build.mjs
action reconcile tools/figures/third_party/interfig/upstream/LICENSE :: Existing figure engine asset preserved; audit verifies canonical text
action reconcile tools/figures/dist/player.js :: Existing figure engine asset preserved; audit verifies canonical text
action reconcile tools/figures/README.md :: Existing figure engine asset preserved; audit verifies canonical text
action reconcile .gitattributes :: Managed attribute block already at the tail
file tools/figures/build.mjs sha256:47beb62eee90e992412312cdccbd0d91f54f090dbb342916efdf1eb08a816ac5
file tools/figures/dist/player.js sha256:2db2e3bfda05a3776f165530a519b6c4a5def717b4dd4192484f8d86076a4a94
file tools/figures/third_party/interfig/upstream/LICENSE sha256:01fde0bedf83bdc185065d7af524a61690efe576a67f922eaff3a1280c17b63a
file tools/figures/README.md sha256:1ee2a92653faea8a36e8e11a788ffa7004bb8b3e8844cb360a113bff5501b66f
file .gitattributes "* text=auto\n\n# BEGIN praetor managed attributes (praetorctl adopt)\n# praetorctl audit hashes these files; keep their checkout bytes the same on every platform.\ntools/figures/** text eol=lf\ndocs/figures/*.ts text eol=lf\ndocs/assets/figures/* text eol=lf\ntools/figures/third_party/interfig/upstream/** -text\n# END praetor managed attributes\n"
== disable with force
action remove tools/figures/build.mjs :: Removed canonical documentation asset because docs:seo-portal is disabled
action remove tools/figures/third_party/interfig/upstream/LICENSE :: Removed canonical documentation asset because docs:seo-portal is disabled
action remove tools/figures/dist/player.js :: Removed canonical documentation asset because docs:seo-portal is disabled
action remove tools/figures/README.md :: Removed canonical documentation asset because docs:seo-portal is disabled
action remove .gitattributes :: Removed the managed attribute block because docs:seo-portal is disabled
file tools/figures/build.mjs absent
file tools/figures/dist/player.js absent
file tools/figures/third_party/interfig/upstream/LICENSE absent
file tools/figures/README.md absent
file .gitattributes "* text=auto\n"
== disabled rerun
file tools/figures/build.mjs absent
file tools/figures/dist/player.js absent
file tools/figures/third_party/interfig/upstream/LICENSE absent
file tools/figures/README.md absent
file .gitattributes "* text=auto\n"
== re-enable with force
action create tools/figures/build.mjs :: Scaffolded locked figure engine asset
action create tools/figures/third_party/interfig/upstream/LICENSE :: Scaffolded locked figure engine asset
action create tools/figures/dist/player.js :: Scaffolded locked figure engine asset
action create tools/figures/README.md :: Scaffolded locked figure engine asset
action append .gitattributes :: Preserved existing rules and placed the managed attribute block at the tail
file tools/figures/build.mjs sha256:47beb62eee90e992412312cdccbd0d91f54f090dbb342916efdf1eb08a816ac5
file tools/figures/dist/player.js sha256:2db2e3bfda05a3776f165530a519b6c4a5def717b4dd4192484f8d86076a4a94
file tools/figures/third_party/interfig/upstream/LICENSE sha256:01fde0bedf83bdc185065d7af524a61690efe576a67f922eaff3a1280c17b63a
file tools/figures/README.md sha256:1ee2a92653faea8a36e8e11a788ffa7004bb8b3e8844cb360a113bff5501b66f
file .gitattributes "* text=auto\n\n# BEGIN praetor managed attributes (praetorctl adopt)\n# praetorctl audit hashes these files; keep their checkout bytes the same on every platform.\ntools/figures/** text eol=lf\ndocs/figures/*.ts text eol=lf\ndocs/assets/figures/* text eol=lf\ntools/figures/third_party/interfig/upstream/** -text\n# END praetor managed attributes\n"
