== disable over drifted asset
action reconcile .gitignore :: Private artifact ignore tail block already effective
report-error refusing to remove drifted documentation asset tools/markdownlint/package.json
error refusing to remove drifted documentation asset tools/markdownlint/package.json
file .github/workflows/praetor-docs.yml sha256:5a8932a0b5535c934f5eb00bf097e7f9cdcfe94053f82941aa2ff7a6bd4f7803
file tools/markdownlint/package.json sha256:814f0b111bbd33310d28e9307d3ca07556631e895002729953c06f0c1ef6859a
file tools/markdownlint/package-lock.json sha256:a2bcd70b321d7a680d7ad7ba4c1448cd916e3bf5816ac06793f88c4598823e1f
file tools/markdownlint/markdownlint-cli2.yaml sha256:42060c67164def939447628db4fab88d58a2c706ea6cb1204e36afb1aa25eef3
file tools/markdownlint/verify.mjs sha256:8e14d51b230823345ff9b480e762219197819c6ad373ffa6782d4cdabb493e26
file tools/markdownlint/no-private-scratch-links.mjs sha256:3a106cfded4ad0e3072715dc5c9b454d637bf34d37eeb48d5e68a88662d6a9d0
file .gitignore "bin/\n*.test\n*.out\n.DS_Store\n\n# BEGIN praetor private artifacts (praetorctl adopt)\n/.workingdir/\n/.workingdir2/\n/.standards/worktrees/\n/.agents/mcp_config.json\n/.standards/cache/\n# END praetor private artifacts\n"
file .prettierignore absent
== disable over mixed asset
action reconcile .gitignore :: Private artifact ignore tail block already effective
report-error refusing to remove documentation asset tools/markdownlint/package.json with invalid line endings: text contains mixed LF and CRLF line endings
error refusing to remove documentation asset tools/markdownlint/package.json with invalid line endings: text contains mixed LF and CRLF line endings
file .github/workflows/praetor-docs.yml sha256:5a8932a0b5535c934f5eb00bf097e7f9cdcfe94053f82941aa2ff7a6bd4f7803
file tools/markdownlint/package.json sha256:478075b86e983158355cb48f3fdd7630b2217b5855be6bfa69c4428b6ae58a25
file tools/markdownlint/package-lock.json sha256:a2bcd70b321d7a680d7ad7ba4c1448cd916e3bf5816ac06793f88c4598823e1f
file tools/markdownlint/markdownlint-cli2.yaml sha256:42060c67164def939447628db4fab88d58a2c706ea6cb1204e36afb1aa25eef3
file tools/markdownlint/verify.mjs sha256:8e14d51b230823345ff9b480e762219197819c6ad373ffa6782d4cdabb493e26
file tools/markdownlint/no-private-scratch-links.mjs sha256:3a106cfded4ad0e3072715dc5c9b454d637bf34d37eeb48d5e68a88662d6a9d0
file .gitignore "bin/\n*.test\n*.out\n.DS_Store\n\n# BEGIN praetor private artifacts (praetorctl adopt)\n/.workingdir/\n/.workingdir2/\n/.standards/worktrees/\n/.agents/mcp_config.json\n/.standards/cache/\n# END praetor private artifacts\n"
file .prettierignore absent
