== disable over drifted asset
report-error refusing to remove drifted documentation asset tools/markdownlint/package.json
error refusing to remove drifted documentation asset tools/markdownlint/package.json
file .github/workflows/praetor-docs.yml sha256:938c1926d853a57149b0ede1cc6b9b7ce68eba62f6af30e8d0768458df98a62e
file tools/markdownlint/package.json sha256:814f0b111bbd33310d28e9307d3ca07556631e895002729953c06f0c1ef6859a
file tools/markdownlint/package-lock.json sha256:abbe0b93eb99ce54d6cadc43ecb131a655d1aaf28009aa3804ad2ba97796b479
file tools/markdownlint/markdownlint-cli2.yaml sha256:42060c67164def939447628db4fab88d58a2c706ea6cb1204e36afb1aa25eef3
file tools/markdownlint/verify.mjs sha256:cdf3f38807fb22c4a59c0e082fc3c94232cd4d691fa5a87df6cc49c1e2c7caba
file tools/markdownlint/no-private-scratch-links.mjs sha256:93ee4469a98c4d44c19b74ca75b06391c2f360add39dd19b5120dbb7645520a9
file .gitignore "bin/\n*.test\n*.out\n.DS_Store\n\n# BEGIN praetor private artifacts (praetorctl adopt)\n/.workingdir/\n/.workingdir2/\n/.standards/worktrees/\n/.agents/mcp_config.json\n# END praetor private artifacts\n"
file .prettierignore absent
== disable over mixed asset
report-error refusing to remove documentation asset tools/markdownlint/package.json with invalid line endings: text contains mixed LF and CRLF line endings
error refusing to remove documentation asset tools/markdownlint/package.json with invalid line endings: text contains mixed LF and CRLF line endings
file .github/workflows/praetor-docs.yml sha256:938c1926d853a57149b0ede1cc6b9b7ce68eba62f6af30e8d0768458df98a62e
file tools/markdownlint/package.json sha256:478075b86e983158355cb48f3fdd7630b2217b5855be6bfa69c4428b6ae58a25
file tools/markdownlint/package-lock.json sha256:abbe0b93eb99ce54d6cadc43ecb131a655d1aaf28009aa3804ad2ba97796b479
file tools/markdownlint/markdownlint-cli2.yaml sha256:42060c67164def939447628db4fab88d58a2c706ea6cb1204e36afb1aa25eef3
file tools/markdownlint/verify.mjs sha256:cdf3f38807fb22c4a59c0e082fc3c94232cd4d691fa5a87df6cc49c1e2c7caba
file tools/markdownlint/no-private-scratch-links.mjs sha256:93ee4469a98c4d44c19b74ca75b06391c2f360add39dd19b5120dbb7645520a9
file .gitignore "bin/\n*.test\n*.out\n.DS_Store\n\n# BEGIN praetor private artifacts (praetorctl adopt)\n/.workingdir/\n/.workingdir2/\n/.standards/worktrees/\n/.agents/mcp_config.json\n# END praetor private artifacts\n"
file .prettierignore absent
