== foreign first adoption force=false
action create .gitignore :: Created ignore rules for build artifacts, private working directory, gate worktrees and the AGY workspace configuration
action create tools/markdownlint/package.json :: Scaffolded locked Markdown governance asset
action create tools/markdownlint/package-lock.json :: Scaffolded locked Markdown governance asset
action create tools/markdownlint/markdownlint-cli2.yaml :: Scaffolded locked Markdown governance asset
action reconcile tools/markdownlint/verify.mjs :: Existing file differs from the scaffold adoption writes; preserved, not verified (praetorctl adopt --force --lock-source-root=<lock source> regenerates it)
action create tools/markdownlint/no-private-scratch-links.mjs :: Scaffolded locked Markdown governance asset
action reconcile .github/workflows/praetor-docs.yml :: Existing file differs from the scaffold adoption writes; preserved, not verified (praetorctl adopt --force --lock-source-root=<lock source> regenerates it)
action reconcile .prettierignore :: No Prettier configuration found; managed artifacts not declared to a formatter this repository does not run
file .github/workflows/praetor-docs.yml sha256:106fdb43a27f5375606b88d4aa64ad98e6d36d2efb59715f359722851adc4aa1
file tools/markdownlint/package.json sha256:5d769f012c60688714ef40fe3498174559d5e9eec7c527e5b6605a75b2571d24
file tools/markdownlint/package-lock.json sha256:d94aec74aec5ae8fedb118122b74aaa3ba347ec7cf413cc3cee975f1e2eacd2a
file tools/markdownlint/markdownlint-cli2.yaml sha256:42060c67164def939447628db4fab88d58a2c706ea6cb1204e36afb1aa25eef3
file tools/markdownlint/verify.mjs sha256:f018e2ac86d3ba934ac84d617a26431a7cd3fcfc0f74e8c72f165610ea0d1ad8
file tools/markdownlint/no-private-scratch-links.mjs sha256:3a106cfded4ad0e3072715dc5c9b454d637bf34d37eeb48d5e68a88662d6a9d0
file .gitignore "bin/\n*.test\n*.out\n.DS_Store\n\n# BEGIN praetor private artifacts (praetorctl adopt)\n/.workingdir/\n/.workingdir2/\n/.standards/worktrees/\n/.agents/mcp_config.json\n# END praetor private artifacts\n"
file .prettierignore absent
== foreign first adoption force=true
action create .gitignore :: Created ignore rules for build artifacts, private working directory, gate worktrees and the AGY workspace configuration
action create tools/markdownlint/package.json :: Scaffolded locked Markdown governance asset
action create tools/markdownlint/package-lock.json :: Scaffolded locked Markdown governance asset
action create tools/markdownlint/markdownlint-cli2.yaml :: Scaffolded locked Markdown governance asset
action replace tools/markdownlint/verify.mjs :: Scaffolded locked Markdown governance asset; replaced existing content (-1/+2209 lines, removed "// operator runner"); backup: .workingdir/adopt-backups/<stamp>/tools/markdownlint/verify.mjs
action create tools/markdownlint/no-private-scratch-links.mjs :: Scaffolded locked Markdown governance asset
action replace .github/workflows/praetor-docs.yml :: Scaffolded required documentation governance workflow; replaced existing content (-1/+34 lines, removed "name: Operator"); backup: .workingdir/adopt-backups/<stamp>/.github/workflows/praetor-docs.yml
action reconcile .prettierignore :: No Prettier configuration found; managed artifacts not declared to a formatter this repository does not run
file .github/workflows/praetor-docs.yml sha256:05d50eae0edd1599f23468e570e0ebf0af3d2e7cc65bf126d4f7976b002b2a84
file tools/markdownlint/package.json sha256:5d769f012c60688714ef40fe3498174559d5e9eec7c527e5b6605a75b2571d24
file tools/markdownlint/package-lock.json sha256:d94aec74aec5ae8fedb118122b74aaa3ba347ec7cf413cc3cee975f1e2eacd2a
file tools/markdownlint/markdownlint-cli2.yaml sha256:42060c67164def939447628db4fab88d58a2c706ea6cb1204e36afb1aa25eef3
file tools/markdownlint/verify.mjs sha256:7373cfc8427b87d57c8dee86d05646ef5d58fe679f3c740ba80c970a90a76f2a
file tools/markdownlint/no-private-scratch-links.mjs sha256:3a106cfded4ad0e3072715dc5c9b454d637bf34d37eeb48d5e68a88662d6a9d0
file .gitignore "bin/\n*.test\n*.out\n.DS_Store\n\n# BEGIN praetor private artifacts (praetorctl adopt)\n/.workingdir/\n/.workingdir2/\n/.standards/worktrees/\n/.agents/mcp_config.json\n# END praetor private artifacts\n"
file .prettierignore absent
== dry run
action create .gitignore :: Created ignore rules for build artifacts, private working directory, gate worktrees and the AGY workspace configuration
action create tools/markdownlint/package.json :: Scaffolded locked Markdown governance asset
action create tools/markdownlint/package-lock.json :: Scaffolded locked Markdown governance asset
action create tools/markdownlint/markdownlint-cli2.yaml :: Scaffolded locked Markdown governance asset
action create tools/markdownlint/verify.mjs :: Scaffolded locked Markdown governance asset
action create tools/markdownlint/no-private-scratch-links.mjs :: Scaffolded locked Markdown governance asset
action create .github/workflows/praetor-docs.yml :: Scaffolded required documentation governance workflow
action reconcile .prettierignore :: No Prettier configuration found; managed artifacts not declared to a formatter this repository does not run
file .github/workflows/praetor-docs.yml absent
file tools/markdownlint/package.json absent
file tools/markdownlint/package-lock.json absent
file tools/markdownlint/markdownlint-cli2.yaml absent
file tools/markdownlint/verify.mjs absent
file tools/markdownlint/no-private-scratch-links.mjs absent
file .gitignore absent
file .prettierignore absent
