== fresh enable
action create .gitignore :: Created ignore rules for build artifacts, private working directory, gate worktrees and the AGY workspace configuration
action create tools/markdownlint/package.json :: Scaffolded locked Markdown governance asset
action create tools/markdownlint/package-lock.json :: Scaffolded locked Markdown governance asset
action create tools/markdownlint/markdownlint-cli2.yaml :: Scaffolded locked Markdown governance asset
action create tools/markdownlint/verify.mjs :: Scaffolded locked Markdown governance asset
action create tools/markdownlint/no-private-scratch-links.mjs :: Scaffolded locked Markdown governance asset
action create .github/workflows/praetor-docs.yml :: Scaffolded required documentation governance workflow
action reconcile .prettierignore :: No Prettier configuration found; managed artifacts not declared to a formatter this repository does not run
file .github/workflows/praetor-docs.yml sha256:05d50eae0edd1599f23468e570e0ebf0af3d2e7cc65bf126d4f7976b002b2a84
file tools/markdownlint/package.json sha256:321e5210fc0ec943b369164932e87622811ebb0c7c49907343a25fd2d28d8ae5
file tools/markdownlint/package-lock.json sha256:b1cb57bf987fe1f70a9e80e627fe2d3838bbab6dacc7150a1b66df6460364d2a
file tools/markdownlint/markdownlint-cli2.yaml sha256:42060c67164def939447628db4fab88d58a2c706ea6cb1204e36afb1aa25eef3
file tools/markdownlint/verify.mjs sha256:70a908977d34a88a789e3139209f3d501fe2493076f194527332487353ebf9b4
file tools/markdownlint/no-private-scratch-links.mjs sha256:3a106cfded4ad0e3072715dc5c9b454d637bf34d37eeb48d5e68a88662d6a9d0
file .gitignore "bin/\n*.test\n*.out\n.DS_Store\n\n# BEGIN praetor private artifacts (praetorctl adopt)\n/.workingdir/\n/.workingdir2/\n/.standards/worktrees/\n/.agents/mcp_config.json\n# END praetor private artifacts\n"
file .prettierignore absent
== rerun
action reconcile .gitignore :: Private artifact ignore tail block already effective
action reconcile tools/markdownlint/package.json :: Existing Markdown governance asset preserved; audit verifies canonical text
action reconcile tools/markdownlint/package-lock.json :: Existing Markdown governance asset preserved; audit verifies canonical text
action reconcile tools/markdownlint/markdownlint-cli2.yaml :: Existing Markdown governance asset preserved; audit verifies canonical text
action reconcile tools/markdownlint/verify.mjs :: Existing Markdown governance asset preserved; audit verifies canonical text
action reconcile tools/markdownlint/no-private-scratch-links.mjs :: Existing Markdown governance asset preserved; audit verifies canonical text
action reconcile .github/workflows/praetor-docs.yml :: Existing documentation governance workflow preserved; audit verifies canonical text
action reconcile .prettierignore :: No Prettier configuration found; managed artifacts not declared to a formatter this repository does not run
file .github/workflows/praetor-docs.yml sha256:05d50eae0edd1599f23468e570e0ebf0af3d2e7cc65bf126d4f7976b002b2a84
file tools/markdownlint/package.json sha256:321e5210fc0ec943b369164932e87622811ebb0c7c49907343a25fd2d28d8ae5
file tools/markdownlint/package-lock.json sha256:b1cb57bf987fe1f70a9e80e627fe2d3838bbab6dacc7150a1b66df6460364d2a
file tools/markdownlint/markdownlint-cli2.yaml sha256:42060c67164def939447628db4fab88d58a2c706ea6cb1204e36afb1aa25eef3
file tools/markdownlint/verify.mjs sha256:70a908977d34a88a789e3139209f3d501fe2493076f194527332487353ebf9b4
file tools/markdownlint/no-private-scratch-links.mjs sha256:3a106cfded4ad0e3072715dc5c9b454d637bf34d37eeb48d5e68a88662d6a9d0
file .gitignore "bin/\n*.test\n*.out\n.DS_Store\n\n# BEGIN praetor private artifacts (praetorctl adopt)\n/.workingdir/\n/.workingdir2/\n/.standards/worktrees/\n/.agents/mcp_config.json\n# END praetor private artifacts\n"
file .prettierignore absent
== drift without force
action reconcile .gitignore :: Private artifact ignore tail block already effective
action reconcile tools/markdownlint/package.json :: Existing file differs from the scaffold adoption writes; preserved, not verified (--force regenerates it)
action reconcile tools/markdownlint/package-lock.json :: Existing Markdown governance asset preserved; audit verifies canonical text
action reconcile tools/markdownlint/markdownlint-cli2.yaml :: Existing Markdown governance asset preserved; audit verifies canonical text
action reconcile tools/markdownlint/verify.mjs :: Existing Markdown governance asset preserved; audit verifies canonical text
action reconcile tools/markdownlint/no-private-scratch-links.mjs :: Existing Markdown governance asset preserved; audit verifies canonical text
action reconcile .github/workflows/praetor-docs.yml :: Existing documentation governance workflow preserved; audit verifies canonical text
action reconcile .prettierignore :: No Prettier configuration found; managed artifacts not declared to a formatter this repository does not run
file .github/workflows/praetor-docs.yml sha256:05d50eae0edd1599f23468e570e0ebf0af3d2e7cc65bf126d4f7976b002b2a84
file tools/markdownlint/package.json sha256:ca3d163bab055381827226140568f3bef7eaac187cebd76878e0b63e9e442356
file tools/markdownlint/package-lock.json sha256:b1cb57bf987fe1f70a9e80e627fe2d3838bbab6dacc7150a1b66df6460364d2a
file tools/markdownlint/markdownlint-cli2.yaml sha256:42060c67164def939447628db4fab88d58a2c706ea6cb1204e36afb1aa25eef3
file tools/markdownlint/verify.mjs sha256:70a908977d34a88a789e3139209f3d501fe2493076f194527332487353ebf9b4
file tools/markdownlint/no-private-scratch-links.mjs sha256:3a106cfded4ad0e3072715dc5c9b454d637bf34d37eeb48d5e68a88662d6a9d0
file .gitignore "bin/\n*.test\n*.out\n.DS_Store\n\n# BEGIN praetor private artifacts (praetorctl adopt)\n/.workingdir/\n/.workingdir2/\n/.standards/worktrees/\n/.agents/mcp_config.json\n# END praetor private artifacts\n"
file .prettierignore absent
== drift with force
action reconcile .gitignore :: Private artifact ignore tail block already effective
action replace tools/markdownlint/package.json :: Scaffolded locked Markdown governance asset; replaced existing content (-1/+18 lines, removed "{}"); backup: .workingdir/adopt-backups/<stamp>/tools/markdownlint/package.json
action reconcile tools/markdownlint/package-lock.json :: Existing Markdown governance asset preserved; audit verifies canonical text
action reconcile tools/markdownlint/markdownlint-cli2.yaml :: Existing Markdown governance asset preserved; audit verifies canonical text
action reconcile tools/markdownlint/verify.mjs :: Existing Markdown governance asset preserved; audit verifies canonical text
action reconcile tools/markdownlint/no-private-scratch-links.mjs :: Existing Markdown governance asset preserved; audit verifies canonical text
action reconcile .github/workflows/praetor-docs.yml :: Existing documentation governance workflow preserved; audit verifies canonical text
action reconcile .prettierignore :: No Prettier configuration found; managed artifacts not declared to a formatter this repository does not run
file .github/workflows/praetor-docs.yml sha256:05d50eae0edd1599f23468e570e0ebf0af3d2e7cc65bf126d4f7976b002b2a84
file tools/markdownlint/package.json sha256:321e5210fc0ec943b369164932e87622811ebb0c7c49907343a25fd2d28d8ae5
file tools/markdownlint/package-lock.json sha256:b1cb57bf987fe1f70a9e80e627fe2d3838bbab6dacc7150a1b66df6460364d2a
file tools/markdownlint/markdownlint-cli2.yaml sha256:42060c67164def939447628db4fab88d58a2c706ea6cb1204e36afb1aa25eef3
file tools/markdownlint/verify.mjs sha256:70a908977d34a88a789e3139209f3d501fe2493076f194527332487353ebf9b4
file tools/markdownlint/no-private-scratch-links.mjs sha256:3a106cfded4ad0e3072715dc5c9b454d637bf34d37eeb48d5e68a88662d6a9d0
file .gitignore "bin/\n*.test\n*.out\n.DS_Store\n\n# BEGIN praetor private artifacts (praetorctl adopt)\n/.workingdir/\n/.workingdir2/\n/.standards/worktrees/\n/.agents/mcp_config.json\n# END praetor private artifacts\n"
file .prettierignore absent
== disable without force
action reconcile .gitignore :: Private artifact ignore tail block already effective
error disabling documentation removes hosted context "Documentation Governance"; rerun adopt --force
file .github/workflows/praetor-docs.yml sha256:05d50eae0edd1599f23468e570e0ebf0af3d2e7cc65bf126d4f7976b002b2a84
file tools/markdownlint/package.json sha256:321e5210fc0ec943b369164932e87622811ebb0c7c49907343a25fd2d28d8ae5
file tools/markdownlint/package-lock.json sha256:b1cb57bf987fe1f70a9e80e627fe2d3838bbab6dacc7150a1b66df6460364d2a
file tools/markdownlint/markdownlint-cli2.yaml sha256:42060c67164def939447628db4fab88d58a2c706ea6cb1204e36afb1aa25eef3
file tools/markdownlint/verify.mjs sha256:70a908977d34a88a789e3139209f3d501fe2493076f194527332487353ebf9b4
file tools/markdownlint/no-private-scratch-links.mjs sha256:3a106cfded4ad0e3072715dc5c9b454d637bf34d37eeb48d5e68a88662d6a9d0
file .gitignore "bin/\n*.test\n*.out\n.DS_Store\n\n# BEGIN praetor private artifacts (praetorctl adopt)\n/.workingdir/\n/.workingdir2/\n/.standards/worktrees/\n/.agents/mcp_config.json\n# END praetor private artifacts\n"
file .prettierignore absent
== disable with force
action reconcile .gitignore :: Private artifact ignore tail block already effective
action remove .github/workflows/praetor-docs.yml :: Removed canonical documentation asset because docs:seo-portal is disabled
action remove tools/markdownlint/package.json :: Removed canonical documentation asset because docs:seo-portal is disabled
action remove tools/markdownlint/package-lock.json :: Removed canonical documentation asset because docs:seo-portal is disabled
action remove tools/markdownlint/markdownlint-cli2.yaml :: Removed canonical documentation asset because docs:seo-portal is disabled
action remove tools/markdownlint/verify.mjs :: Removed canonical documentation asset because docs:seo-portal is disabled
action remove tools/markdownlint/no-private-scratch-links.mjs :: Removed canonical documentation asset because docs:seo-portal is disabled
action reconcile .prettierignore :: No Prettier configuration found; managed artifacts not declared to a formatter this repository does not run
file .github/workflows/praetor-docs.yml absent
file tools/markdownlint/package.json absent
file tools/markdownlint/package-lock.json absent
file tools/markdownlint/markdownlint-cli2.yaml absent
file tools/markdownlint/verify.mjs absent
file tools/markdownlint/no-private-scratch-links.mjs absent
file .gitignore "bin/\n*.test\n*.out\n.DS_Store\n\n# BEGIN praetor private artifacts (praetorctl adopt)\n/.workingdir/\n/.workingdir2/\n/.standards/worktrees/\n/.agents/mcp_config.json\n# END praetor private artifacts\n"
file .prettierignore absent
== disabled rerun
action reconcile .gitignore :: Private artifact ignore tail block already effective
action reconcile .prettierignore :: No Prettier configuration found; managed artifacts not declared to a formatter this repository does not run
file .github/workflows/praetor-docs.yml absent
file tools/markdownlint/package.json absent
file tools/markdownlint/package-lock.json absent
file tools/markdownlint/markdownlint-cli2.yaml absent
file tools/markdownlint/verify.mjs absent
file tools/markdownlint/no-private-scratch-links.mjs absent
file .gitignore "bin/\n*.test\n*.out\n.DS_Store\n\n# BEGIN praetor private artifacts (praetorctl adopt)\n/.workingdir/\n/.workingdir2/\n/.standards/worktrees/\n/.agents/mcp_config.json\n# END praetor private artifacts\n"
file .prettierignore absent
== re-enable with force
action reconcile .gitignore :: Private artifact ignore tail block already effective
action create tools/markdownlint/package.json :: Scaffolded locked Markdown governance asset
action create tools/markdownlint/package-lock.json :: Scaffolded locked Markdown governance asset
action create tools/markdownlint/markdownlint-cli2.yaml :: Scaffolded locked Markdown governance asset
action create tools/markdownlint/verify.mjs :: Scaffolded locked Markdown governance asset
action create tools/markdownlint/no-private-scratch-links.mjs :: Scaffolded locked Markdown governance asset
action create .github/workflows/praetor-docs.yml :: Scaffolded required documentation governance workflow
action reconcile .prettierignore :: No Prettier configuration found; managed artifacts not declared to a formatter this repository does not run
file .github/workflows/praetor-docs.yml sha256:05d50eae0edd1599f23468e570e0ebf0af3d2e7cc65bf126d4f7976b002b2a84
file tools/markdownlint/package.json sha256:321e5210fc0ec943b369164932e87622811ebb0c7c49907343a25fd2d28d8ae5
file tools/markdownlint/package-lock.json sha256:b1cb57bf987fe1f70a9e80e627fe2d3838bbab6dacc7150a1b66df6460364d2a
file tools/markdownlint/markdownlint-cli2.yaml sha256:42060c67164def939447628db4fab88d58a2c706ea6cb1204e36afb1aa25eef3
file tools/markdownlint/verify.mjs sha256:70a908977d34a88a789e3139209f3d501fe2493076f194527332487353ebf9b4
file tools/markdownlint/no-private-scratch-links.mjs sha256:3a106cfded4ad0e3072715dc5c9b454d637bf34d37eeb48d5e68a88662d6a9d0
file .gitignore "bin/\n*.test\n*.out\n.DS_Store\n\n# BEGIN praetor private artifacts (praetorctl adopt)\n/.workingdir/\n/.workingdir2/\n/.standards/worktrees/\n/.agents/mcp_config.json\n# END praetor private artifacts\n"
file .prettierignore absent
