== empty
gitignore ok "# BEGIN praetor private artifacts (praetorctl adopt)\n/.workingdir/\n/.workingdir2/\n/.standards/worktrees/\n/.agents/mcp_config.json\n# END praetor private artifacts\n"
formatter documentation=true ok 744 bytes sha256:deb55bfbf34ee64750dfc48621a488b9036381cc488d66a68235db6b1f9e0881
verify formatter documentation=true error .prettierignore managed artifact block is stale
formatter documentation=false ok 520 bytes sha256:a26dcbb803369c2d84c97528773d4e84dc94d6f6126cd6817ec6a0042953ed53
verify formatter documentation=false error .prettierignore managed artifact block is stale
== operator text
gitignore ok "dist/\ncoverage/\n\n# BEGIN praetor private artifacts (praetorctl adopt)\n/.workingdir/\n/.workingdir2/\n/.standards/worktrees/\n/.agents/mcp_config.json\n# END praetor private artifacts\n"
formatter documentation=true ok 761 bytes sha256:959c4404e2e3b7f453cdd850081904b80e80c02303fe206698e9c4857732274d
verify formatter documentation=true error .prettierignore managed artifact block is stale
formatter documentation=false ok 537 bytes sha256:198f4514890f891a9acb14155e06ddbc2186fc470edf700e2a3b998d372dc67a
verify formatter documentation=false error .prettierignore managed artifact block is stale
== operator text without final newline
gitignore ok "dist/\n\n# BEGIN praetor private artifacts (praetorctl adopt)\n/.workingdir/\n/.workingdir2/\n/.standards/worktrees/\n/.agents/mcp_config.json\n# END praetor private artifacts\n"
formatter documentation=true ok 751 bytes sha256:fc29820f0afbecca2ed7a363b05f01b13f2ea3cc9bac5a6b0c72912f2acd709d
verify formatter documentation=true error .prettierignore managed artifact block is stale
formatter documentation=false ok 527 bytes sha256:fbcd8ca02371d1bdcd9e7bffb1bb05c6f5d3cf4224186b002a55e84cbb7826ef
verify formatter documentation=false error .prettierignore managed artifact block is stale
== blank lines only
gitignore ok "# BEGIN praetor private artifacts (praetorctl adopt)\n/.workingdir/\n/.workingdir2/\n/.standards/worktrees/\n/.agents/mcp_config.json\n# END praetor private artifacts\n"
formatter documentation=true ok 744 bytes sha256:deb55bfbf34ee64750dfc48621a488b9036381cc488d66a68235db6b1f9e0881
verify formatter documentation=true error .prettierignore managed artifact block is stale
formatter documentation=false ok 520 bytes sha256:a26dcbb803369c2d84c97528773d4e84dc94d6f6126cd6817ec6a0042953ed53
verify formatter documentation=false error .prettierignore managed artifact block is stale
== CRLF
gitignore ok "dist/\r\ncoverage/\r\n\r\n# BEGIN praetor private artifacts (praetorctl adopt)\r\n/.workingdir/\r\n/.workingdir2/\r\n/.standards/worktrees/\r\n/.agents/mcp_config.json\r\n# END praetor private artifacts\r\n"
formatter documentation=true ok 786 bytes sha256:2b90c876fa8f8ced6d136c8a551a60d2457b0a7a8bbea308284665cea08851a6
verify formatter documentation=true error .prettierignore managed artifact block is stale
formatter documentation=false ok 556 bytes sha256:92b7c3eb18aa9225ad72d67e14921c504fba74d92717841ff6707dab35b8df26
verify formatter documentation=false error .prettierignore managed artifact block is stale
== mixed endings
gitignore error .gitignore line endings are inconsistent: text contains mixed LF and CRLF line endings
formatter documentation=true error .prettierignore line endings are inconsistent: text contains mixed LF and CRLF line endings
verify formatter documentation=true error .prettierignore line endings are inconsistent: text contains mixed LF and CRLF line endings
formatter documentation=false error .prettierignore line endings are inconsistent: text contains mixed LF and CRLF line endings
verify formatter documentation=false error .prettierignore line endings are inconsistent: text contains mixed LF and CRLF line endings
== legacy unmarked rule
gitignore ok "node_modules/\n\n# BEGIN praetor private artifacts (praetorctl adopt)\n/.workingdir/\n/.workingdir2/\n/.standards/worktrees/\n/.agents/mcp_config.json\n# END praetor private artifacts\n"
formatter documentation=true ok 788 bytes sha256:d5698ca827eb6cf200b2b85a7d16d4c785c359469fc1e8cfd172e9eba29e6419
verify formatter documentation=true error .prettierignore managed artifact block is stale
formatter documentation=false ok 564 bytes sha256:496e95dfec1d52d01b23bc353c3db267a590a86db7ae7bd28a7ab3de0c08c676
verify formatter documentation=false error .prettierignore managed artifact block is stale
== git block alone
gitignore ok "# BEGIN praetor private artifacts (praetorctl adopt)\n/.workingdir/\n/.workingdir2/\n/.standards/worktrees/\n/.agents/mcp_config.json\n# END praetor private artifacts\n"
formatter documentation=true ok 907 bytes sha256:b20dff243976a280223b01d74e17f6eceef7ede1801177966e5be494ea6e09bd
verify formatter documentation=true error .prettierignore managed artifact block is stale
formatter documentation=false ok 683 bytes sha256:00f808f58d38f362d1a6aab96e8d07a1f541c86b3dcc09d69e44b28a253e464a
verify formatter documentation=false error .prettierignore managed artifact block is stale
== formatter block alone
gitignore ok 907 bytes sha256:9507d10e0d1d45932c20e7881ac83e2d25f347d35f19a6090f3e0394ec4e567b
formatter documentation=true ok 744 bytes sha256:deb55bfbf34ee64750dfc48621a488b9036381cc488d66a68235db6b1f9e0881
verify formatter documentation=true ok ""
formatter documentation=false ok 520 bytes sha256:a26dcbb803369c2d84c97528773d4e84dc94d6f6126cd6817ec6a0042953ed53
verify formatter documentation=false error .prettierignore managed artifact block is stale
== operator text above formatter block
gitignore ok 914 bytes sha256:f4d80e11e41253362622322f3dc36d8b1eafae87b84bad7bcb0002906d360f70
formatter documentation=true ok 751 bytes sha256:fc29820f0afbecca2ed7a363b05f01b13f2ea3cc9bac5a6b0c72912f2acd709d
verify formatter documentation=true ok ""
formatter documentation=false ok 527 bytes sha256:fbcd8ca02371d1bdcd9e7bffb1bb05c6f5d3cf4224186b002a55e84cbb7826ef
verify formatter documentation=false error .prettierignore managed artifact block is stale
== git block mid file
gitignore ok "a/\nb/\n\n# BEGIN praetor private artifacts (praetorctl adopt)\n/.workingdir/\n/.workingdir2/\n/.standards/worktrees/\n/.agents/mcp_config.json\n# END praetor private artifacts\n"
formatter documentation=true ok 913 bytes sha256:181b92755ba0f74a52a98ac0ced7290fc2a40f6fe44316c6d6ccd7e1b3b01fee
verify formatter documentation=true error .prettierignore managed artifact block is stale
formatter documentation=false ok 689 bytes sha256:c133ecc736ab60bb5662d5254ea008c2f4ea497159538c5d1bb8b7c7d0f523bb
verify formatter documentation=false error .prettierignore managed artifact block is stale
== formatter block mid file
gitignore ok 913 bytes sha256:f1b415c3fd81cb81f1e471f5687264117d763a9a2e7db656a2b237ddf6af9be2
formatter documentation=true ok 751 bytes sha256:885b1bff85caeb1a24478da4cd7bb35bd16d3221a86fb8cb621263de8579233f
verify formatter documentation=true error .prettierignore managed artifact block is stale
formatter documentation=false ok 527 bytes sha256:5cc600473cff653f61cef17d2ba2668b7ba8e2e56b3c0ea5fe529fcb3adf974c
verify formatter documentation=false error .prettierignore managed artifact block is stale
== git block twice
gitignore error .gitignore contains duplicate managed markers
formatter documentation=true ok 1069 bytes sha256:250d147c9322bbad08449ff0e69aad270da6814e2f41d486ccce9b5868ee8ab2
verify formatter documentation=true error .prettierignore managed artifact block is stale
formatter documentation=false ok 845 bytes sha256:42a2e9c64b28e58baef3d3955ec7125f26621dda5b55d08b623681af9a0dee67
verify formatter documentation=false error .prettierignore managed artifact block is stale
== formatter block twice
gitignore ok 1651 bytes sha256:b8f80ef5227bc7b8aa30d7b90586cc2a251e28e5b9697807ba52cda98902c33a
formatter documentation=true error .prettierignore contains duplicate or nested managed blocks
verify formatter documentation=true error .prettierignore contains duplicate or nested managed blocks
formatter documentation=false error .prettierignore contains duplicate or nested managed blocks
verify formatter documentation=false error .prettierignore contains duplicate or nested managed blocks
== git begin nested
gitignore error .gitignore contains duplicate managed markers
formatter documentation=true ok 960 bytes sha256:534713d9862494d18ef3dfd8c8d7aaa1535a2c50a2b32630229599f56a87cda9
verify formatter documentation=true error .prettierignore managed artifact block is stale
formatter documentation=false ok 736 bytes sha256:d85ec854cca01dfe785d1e1f605febb8534f8881d0feaa2852fcb083e28d7e49
verify formatter documentation=false error .prettierignore managed artifact block is stale
== formatter begin nested
gitignore ok 960 bytes sha256:fa980998a2219b05f965a550aae4da7989cbbc0fdd87f1b2df86716863b61608
formatter documentation=true error .prettierignore contains duplicate or nested managed blocks
verify formatter documentation=true error .prettierignore contains duplicate or nested managed blocks
formatter documentation=false error .prettierignore contains duplicate or nested managed blocks
verify formatter documentation=false error .prettierignore contains duplicate or nested managed blocks
== git unterminated
gitignore error .gitignore contains an unterminated managed block
formatter documentation=true ok 804 bytes sha256:ed61a66a38b315f8046e94f7c022f6008d8979dabc336e9b532fa2f09f080bcc
verify formatter documentation=true error .prettierignore managed artifact block is stale
formatter documentation=false ok 580 bytes sha256:b9d5fc66714b932c0337f286739ffca6fd6ff6fdad249844563d59255902f3f3
verify formatter documentation=false error .prettierignore managed artifact block is stale
== formatter unterminated
gitignore ok "a/\n# BEGIN praetor-managed artifacts (praetorctl adopt)\nb/\n\n# BEGIN praetor private artifacts (praetorctl adopt)\n/.workingdir/\n/.workingdir2/\n/.standards/worktrees/\n/.agents/mcp_config.json\n# END praetor private artifacts\n"
formatter documentation=true error .prettierignore contains an unterminated managed block
verify formatter documentation=true error .prettierignore contains an unterminated managed block
formatter documentation=false error .prettierignore contains an unterminated managed block
verify formatter documentation=false error .prettierignore contains an unterminated managed block
== git unmatched end
gitignore error .gitignore contains an unmatched managed end marker
formatter documentation=true ok 780 bytes sha256:a85ad05c600e6bcf6b90bf0799f4c5dc5564fb7c101db88b51c883ffb3ea7bfe
verify formatter documentation=true error .prettierignore managed artifact block is stale
formatter documentation=false ok 556 bytes sha256:3c57025a2b5332100feafc3e57b00cb15916ce0b3a620f50559b97a2d4c86027
verify formatter documentation=false error .prettierignore managed artifact block is stale
== formatter unmatched end
gitignore ok "a/\n# END praetor-managed artifacts\n\n# BEGIN praetor private artifacts (praetorctl adopt)\n/.workingdir/\n/.workingdir2/\n/.standards/worktrees/\n/.agents/mcp_config.json\n# END praetor private artifacts\n"
formatter documentation=true error .prettierignore contains an unmatched managed end marker
verify formatter documentation=true error .prettierignore contains an unmatched managed end marker
formatter documentation=false error .prettierignore contains an unmatched managed end marker
verify formatter documentation=false error .prettierignore contains an unmatched managed end marker
== git indented marker
gitignore error .gitignore contains a non-canonical managed marker at line 2
formatter documentation=true ok 803 bytes sha256:582aee6d7723b125f5db409e08d7aea14d1de0aeff9fbe7846cc046e84fe944c
verify formatter documentation=true error .prettierignore managed artifact block is stale
formatter documentation=false ok 579 bytes sha256:f7f7d98a65112069708d64a7ce02d6f3ab38d246cf417ba9d253f5c179fcd6f9
verify formatter documentation=false error .prettierignore managed artifact block is stale
== formatter indented marker
gitignore ok "a/\n# END praetor-managed artifacts \n\n# BEGIN praetor private artifacts (praetorctl adopt)\n/.workingdir/\n/.workingdir2/\n/.standards/worktrees/\n/.agents/mcp_config.json\n# END praetor private artifacts\n"
formatter documentation=true error .prettierignore contains a non-canonical managed marker at line 2
verify formatter documentation=true error .prettierignore contains a non-canonical managed marker at line 2
formatter documentation=false error .prettierignore contains a non-canonical managed marker at line 2
verify formatter documentation=false error .prettierignore contains a non-canonical managed marker at line 2
== at line bound
gitignore ok 8353 bytes sha256:b38ae348d01e715999384f951376a28ae6facb5f71928346e3890e199a2324f7
formatter documentation=true ok 8935 bytes sha256:5d24ac51b090e67fefa6e51a469363f6fa72b4341def7e11c7722fe0fdd45a2e
verify formatter documentation=true error .prettierignore managed artifact block is stale
formatter documentation=false ok 8711 bytes sha256:f9037ed3c7cfa880c4c2d2bb653a10cc87e6884e75b4e472c656bc30841e6479
verify formatter documentation=false error .prettierignore managed artifact block is stale
== above line bound
gitignore error .gitignore exceeds 4096 lines
formatter documentation=true error .prettierignore exceeds 4096 lines
verify formatter documentation=true error .prettierignore exceeds 4096 lines
formatter documentation=false error .prettierignore exceeds 4096 lines
verify formatter documentation=false error .prettierignore exceeds 4096 lines
